#-----------------------------------------------------------
# Vivado v2020.1.1 (64-bit)
# SW Build 2960000 on Wed Aug  5 22:57:20 MDT 2020
# IP Build 2956692 on Thu Aug  6 01:41:30 MDT 2020
# Start of session at: Thu Oct 22 18:28:05 2020
# Process ID: 5152
# Current directory: C:/Users/aajos/Documents/GitHub/Lab09/Lab09
# Command line: vivado.exe -gui_launcher_event rodinguilauncherevent17568 C:\Users\aajos\Documents\GitHub\Lab09\Lab09\Lab09.xpr
# Log file: C:/Users/aajos/Documents/GitHub/Lab09/Lab09/vivado.log
# Journal file: C:/Users/aajos/Documents/GitHub/Lab09/Lab09\vivado.jou
#-----------------------------------------------------------
start_gui
open_project C:/Users/aajos/Documents/GitHub/Lab09/Lab09/Lab09.xpr
update_compile_order -fileset sources_1
launch_runs synth_1 -jobs 4
wait_on_run synth_1
launch_runs impl_1 -jobs 4
wait_on_run impl_1
launch_runs impl_1 -to_step write_bitstream -jobs 4
wait_on_run impl_1
open_hw_manager
connect_hw_server -allow_non_jtag
open_hw_target
set_property PROGRAM.FILE {C:/Users/aajos/Documents/GitHub/Lab09/Lab09/Lab09.runs/impl_1/top_lab9.bit} [get_hw_devices xc7a35t_0]
current_hw_device [get_hw_devices xc7a35t_0]
refresh_hw_device -update_hw_probes false [lindex [get_hw_devices xc7a35t_0] 0]
set_property PROBES.FILE {} [get_hw_devices xc7a35t_0]
set_property FULL_PROBES.FILE {} [get_hw_devices xc7a35t_0]
set_property PROGRAM.FILE {C:/Users/aajos/Documents/GitHub/Lab09/Lab09/Lab09.runs/impl_1/top_lab9.bit} [get_hw_devices xc7a35t_0]
program_hw_devices [get_hw_devices xc7a35t_0]
refresh_hw_device [lindex [get_hw_devices xc7a35t_0] 0]
close_hw_manager
# Disabling source management mode.  This is to allow the top design properties to be set without GUI intervention.
set_property source_mgmt_mode None [current_project]
set_property top alu_test [get_filesets sim_1]
set_property top_lib xil_defaultlib [get_filesets sim_1]
# Re-enabling previously disabled source management mode.
set_property source_mgmt_mode All [current_project]
update_compile_order -fileset sim_1
launch_simulation
source alu_test.tcl
close_sim
launch_simulation
source alu_test.tcl
close_sim
